[     821ms] [ERROR] Failed to load resource: the server responded with a status of 404 () @ https://www.smtp2go.com/404?loc=app:0
[     849ms] [LOG] JQMIGRATE: Migrate is installed, version 3.4.1 @ https://code.jquery.com/jquery-migrate-3.4.1.min.js?ver=3.4.1:1
[    1037ms] Uncaught (in promise) TypeError: Cannot read properties of null (reading 'querySelectorAll')
    at <anonymous> (https://www.redditstatic.com/ads/pixel.js:0:49899)
    at <anonymous> (https://www.redditstatic.com/ads/pixel.js:0:47435)
    at <anonymous> (https://www.redditstatic.com/ads/pixel.js:0:48278)
    at Qt (https://www.redditstatic.com/ads/pixel.js:0:49477)
    at u (https://www.redditstatic.com/ads/pixel.js:0:50452)
    at <anonymous> (https://www.redditstatic.com/ads/pixel.js:0:50513)
    at ie (https://www.redditstatic.com/ads/pixel.js:0:50393)
    at ie (https://www.redditstatic.com/ads/pixel.js:0:50529)
    at ee (https://www.redditstatic.com/ads/pixel.js:0:49731)
    at <anonymous> (https://www.redditstatic.com/ads/pixel.js:0:58704)
    at <anonymous> (https://www.redditstatic.com/ads/pixel.js:0:56933)
    at <anonymous> (https://www.redditstatic.com/ads/pixel.js:0:57776)
    at be (https://www.redditstatic.com/ads/pixel.js:0:57958)
    at u (https://www.redditstatic.com/ads/pixel.js:0:58161)
    at <anonymous> (https://www.redditstatic.com/ads/pixel.js:0:58222)
    at <anonymous> (https://www.redditstatic.com/ads/pixel.js:0:58102)
    at je (https://www.redditstatic.com/ads/pixel.js:0:58871)
    at Ie (https://www.redditstatic.com/ads/pixel.js:0:58553)
    at <anonymous> (https://www.redditstatic.com/ads/pixel.js:0:55610)
    at <anonymous> (https://www.redditstatic.com/ads/pixel.js:0:53464)
    at <anonymous> (https://www.redditstatic.com/ads/pixel.js:0:54307)
    at de (https://www.redditstatic.com/ads/pixel.js:0:54489)
    at u (https://www.redditstatic.com/ads/pixel.js:0:54692)
    at <anonymous> (https://www.redditstatic.com/ads/pixel.js:0:54753)
    at <anonymous> (https://www.redditstatic.com/ads/pixel.js:0:54633)
[    1110ms] [VERBOSE] [DOM] Input elements should have autocomplete attributes (suggested: "current-password"): (More info: https://goo.gl/9p2vKq) %o @ https://www.smtp2go.com/404?loc=app:0
[    1110ms] [VERBOSE] [DOM] Input elements should have autocomplete attributes (suggested: "current-password"): (More info: https://goo.gl/9p2vKq) %o @ https://www.smtp2go.com/404?loc=app:0
